<testsuites id="" name="" tests="3" failures="0" skipped="0" errors="0" time="14.315727000000013">
<testsuite name="demo-todo-app.spec.ts" timestamp="2023-09-08T21:37:46.908Z" hostname="Automated Playwright Tests" tests="3" failures="0" skipped="0" time="24.093" errors="0">
<testcase name="New Todo › should allow me to add todo items" classname="demo-todo-app.spec.ts" time="8.979">
<system-out>
<![CDATA[
[[ATTACHMENT|..\output\demo-todo-app-New-Todo-should-allow-me-to-add-todo-items-Automated-Playwright-Tests\test-finished-1.png]]

[[ATTACHMENT|..\output\demo-todo-app-New-Todo-should-allow-me-to-add-todo-items-Automated-Playwright-Tests\trace.zip]]
]]>
</system-out>
<system-err>
<![CDATA[  [38;5;45;1mpw:api [0m=> selectors.setTestIdAttribute started [38;5;45m+0ms[0m
  [38;5;45;1mpw:api [0m=> browserType.launch started [38;5;45m+21ms[0m
  [38;5;45;1mpw:api [0m<= selectors.setTestIdAttribute succeeded [38;5;45m+20ms[0m
  [38;5;45;1mpw:api [0m<= browserType.launch succeeded [38;5;45m+2s[0m
  [38;5;45;1mpw:api [0m=> browser.newContext started [38;5;45m+8ms[0m
  [38;5;45;1mpw:api [0m<= browser.newContext succeeded [38;5;45m+23ms[0m
  [38;5;45;1mpw:api [0m=> tracing.start started [38;5;45m+8ms[0m
  [38;5;45;1mpw:api [0m<= tracing.start succeeded [38;5;45m+13ms[0m
  [38;5;45;1mpw:api [0m=> browserContext.newPage started [38;5;45m+11ms[0m
  [38;5;45;1mpw:api [0m<= browserContext.newPage succeeded [38;5;45m+3s[0m
  [38;5;45;1mpw:api [0m=> page.goto started [38;5;45m+8ms[0m
  [38;5;45;1mpw:api [0mnavigating to "https://demo.playwright.dev/todomvc", waiting until "load" [38;5;45m+36ms[0m
  [38;5;45;1mpw:api [0m  "commit" event fired [38;5;45m+453ms[0m
  [38;5;45;1mpw:api [0m  navigated to "https://demo.playwright.dev/todomvc/" [38;5;45m+1ms[0m
  [38;5;45;1mpw:api [0m  navigated to "https://demo.playwright.dev/todomvc/#/" [38;5;45m+2s[0m
  [38;5;45;1mpw:api [0m  "load" event fired [38;5;45m+151ms[0m
  [38;5;45;1mpw:api [0m  "domcontentloaded" event fired [38;5;45m+2ms[0m
  [38;5;45;1mpw:api [0m<= page.goto succeeded [38;5;45m+86ms[0m
  [38;5;45;1mpw:api [0m=> locator.fill started [38;5;45m+12ms[0m
  [38;5;45;1mpw:api [0mwaiting for getByPlaceholder('What needs to be done?') [38;5;45m+17ms[0m
  [38;5;45;1mpw:api [0m  "networkidle" event fired [38;5;45m+41ms[0m
  [38;5;45;1mpw:api [0m  locator resolved to <input class="new-todo" placeholder="What needs to be d…/> [38;5;45m+106ms[0m
  [38;5;45;1mpw:api [0melementHandle.fill("buy some cheese") [38;5;45m+7ms[0m
  [38;5;45;1mpw:api [0m  waiting for element to be visible, enabled and editable [38;5;45m+17ms[0m
  [38;5;45;1mpw:api [0m  element is visible, enabled and editable [38;5;45m+30ms[0m
  [38;5;45;1mpw:api [0m<= locator.fill succeeded [38;5;45m+105ms[0m
  [38;5;45;1mpw:api [0m=> locator.press started [38;5;45m+3ms[0m
  [38;5;45;1mpw:api [0mwaiting for getByPlaceholder('What needs to be done?') [38;5;45m+13ms[0m
  [38;5;45;1mpw:api [0m  locator resolved to <input class="new-todo" placeholder="What needs to be d…/> [38;5;45m+8ms[0m
  [38;5;45;1mpw:api [0melementHandle.press("Enter") [38;5;45m+3ms[0m
  [38;5;45;1mpw:api [0m<= locator.press succeeded [38;5;45m+269ms[0m
  [38;5;45;1mpw:api [0m=> expect.toHaveText started [38;5;45m+21ms[0m
  [38;5;45;1mpw:api [0mexpect.toHaveText with timeout 10000ms [38;5;45m+29ms[0m
  [38;5;45;1mpw:api [0mwaiting for getByTestId('todo-title') [38;5;45m+1ms[0m
  [38;5;45;1mpw:api [0m  locator resolved to 1 element [38;5;45m+9ms[0m
  [38;5;45;1mpw:api [0m<= expect.toHaveText succeeded [38;5;45m+5ms[0m
  [38;5;45;1mpw:api [0m=> locator.fill started [38;5;45m+3ms[0m
  [38;5;45;1mpw:api [0mwaiting for getByPlaceholder('What needs to be done?') [38;5;45m+13ms[0m
  [38;5;45;1mpw:api [0m  locator resolved to <input class="new-todo" placeholder="What needs to be d…/> [38;5;45m+30ms[0m
  [38;5;45;1mpw:api [0melementHandle.fill("feed the cat") [38;5;45m+74ms[0m
  [38;5;45;1mpw:api [0m  waiting for element to be visible, enabled and editable [38;5;45m+51ms[0m
  [38;5;45;1mpw:api [0m  element is visible, enabled and editable [38;5;45m+80ms[0m
  [38;5;45;1mpw:api [0m<= locator.fill succeeded [38;5;45m+88ms[0m
  [38;5;45;1mpw:api [0m=> locator.press started [38;5;45m+2ms[0m
  [38;5;45;1mpw:api [0mwaiting for getByPlaceholder('What needs to be done?') [38;5;45m+14ms[0m
  [38;5;45;1mpw:api [0m  locator resolved to <input class="new-todo" placeholder="What needs to be d…/> [38;5;45m+25ms[0m
  [38;5;45;1mpw:api [0melementHandle.press("Enter") [38;5;45m+16ms[0m
  [38;5;45;1mpw:api [0m<= locator.press succeeded [38;5;45m+97ms[0m
  [38;5;45;1mpw:api [0m=> expect.toHaveText started [38;5;45m+5ms[0m
  [38;5;45;1mpw:api [0mexpect.toHaveText with timeout 10000ms [38;5;45m+9ms[0m
  [38;5;45;1mpw:api [0mwaiting for getByTestId('todo-title') [38;5;45m+1ms[0m
  [38;5;45;1mpw:api [0m  locator resolved to 2 elements [38;5;45m+5ms[0m
  [38;5;45;1mpw:api [0m<= expect.toHaveText succeeded [38;5;45m+4ms[0m
  [38;5;45;1mpw:api [0m=> page.waitForFunction started [38;5;45m+2ms[0m
  [38;5;45;1mpw:api [0m<= page.waitForFunction succeeded [38;5;45m+57ms[0m
  [38;5;45;1mpw:api [0mtaking page screenshot [38;5;45m+566ms[0m
]]>
</system-err>
</testcase>
<testcase name="New Todo › should clear text input field when an item is added" classname="demo-todo-app.spec.ts" time="5.804">
<system-out>
<![CDATA[
[[ATTACHMENT|..\output\demo-todo-app-New-Todo-should-clear-text-input-field-when-an-item-is-added-Automated-Playwright-Tests\test-finished-1.png]]

[[ATTACHMENT|..\output\demo-todo-app-New-Todo-should-clear-text-input-field-when-an-item-is-added-Automated-Playwright-Tests\trace.zip]]
]]>
</system-out>
<system-err>
<![CDATA[  [38;5;45;1mpw:api [0m=> selectors.setTestIdAttribute started [38;5;45m+0ms[0m
  [38;5;45;1mpw:api [0m=> browserType.launch started [38;5;45m+13ms[0m
  [38;5;45;1mpw:api [0m<= selectors.setTestIdAttribute succeeded [38;5;45m+21ms[0m
  [38;5;45;1mpw:api [0m<= browserType.launch succeeded [38;5;45m+6s[0m
  [38;5;45;1mpw:api [0m=> browser.newContext started [38;5;45m+11ms[0m
  [38;5;45;1mpw:api [0m<= browser.newContext succeeded [38;5;45m+33ms[0m
  [38;5;45;1mpw:api [0m=> tracing.start started [38;5;45m+8ms[0m
  [38;5;45;1mpw:api [0m<= tracing.start succeeded [38;5;45m+5ms[0m
  [38;5;45;1mpw:api [0m=> browserContext.newPage started [38;5;45m+18ms[0m
  [38;5;45;1mpw:api [0m<= browserContext.newPage succeeded [38;5;45m+464ms[0m
  [38;5;45;1mpw:api [0m=> page.goto started [38;5;45m+15ms[0m
  [38;5;45;1mpw:api [0mnavigating to "https://demo.playwright.dev/todomvc", waiting until "load" [38;5;45m+32ms[0m
  [38;5;45;1mpw:api [0m  "commit" event fired [38;5;45m+263ms[0m
  [38;5;45;1mpw:api [0m  navigated to "https://demo.playwright.dev/todomvc/" [38;5;45m+2ms[0m
  [38;5;45;1mpw:api [0m  navigated to "https://demo.playwright.dev/todomvc/#/" [38;5;45m+2s[0m
  [38;5;45;1mpw:api [0m  "load" event fired [38;5;45m+92ms[0m
  [38;5;45;1mpw:api [0m  "domcontentloaded" event fired [38;5;45m+1ms[0m
  [38;5;45;1mpw:api [0m  "networkidle" event fired [38;5;45m+16ms[0m
  [38;5;45;1mpw:api [0m<= page.goto succeeded [38;5;45m+110ms[0m
  [38;5;45;1mpw:api [0m=> locator.fill started [38;5;45m+19ms[0m
  [38;5;45;1mpw:api [0mwaiting for getByPlaceholder('What needs to be done?') [38;5;45m+24ms[0m
  [38;5;45;1mpw:api [0m  locator resolved to <input class="new-todo" placeholder="What needs to be d…/> [38;5;45m+46ms[0m
  [38;5;45;1mpw:api [0melementHandle.fill("buy some cheese") [38;5;45m+4ms[0m
  [38;5;45;1mpw:api [0m  waiting for element to be visible, enabled and editable [38;5;45m+10ms[0m
  [38;5;45;1mpw:api [0m  element is visible, enabled and editable [38;5;45m+22ms[0m
  [38;5;45;1mpw:api [0m<= locator.fill succeeded [38;5;45m+75ms[0m
  [38;5;45;1mpw:api [0m=> locator.press started [38;5;45m+4ms[0m
  [38;5;45;1mpw:api [0mwaiting for getByPlaceholder('What needs to be done?') [38;5;45m+20ms[0m
  [38;5;45;1mpw:api [0m  locator resolved to <input class="new-todo" placeholder="What needs to be d…/> [38;5;45m+39ms[0m
  [38;5;45;1mpw:api [0melementHandle.press("Enter") [38;5;45m+5ms[0m
  [38;5;45;1mpw:api [0m<= locator.press succeeded [38;5;45m+498ms[0m
  [38;5;45;1mpw:api [0m=> expect.toBeEmpty started [38;5;45m+26ms[0m
  [38;5;45;1mpw:api [0mexpect.toBeEmpty with timeout 10000ms [38;5;45m+17ms[0m
  [38;5;45;1mpw:api [0mwaiting for getByPlaceholder('What needs to be done?') [38;5;45m+0ms[0m
  [38;5;45;1mpw:api [0m  locator resolved to <input class="new-todo" placeholder="What needs to be d…/> [38;5;45m+27ms[0m
  [38;5;45;1mpw:api [0m<= expect.toBeEmpty succeeded [38;5;45m+15ms[0m
  [38;5;45;1mpw:api [0m=> page.waitForFunction started [38;5;45m+5ms[0m
  [38;5;45;1mpw:api [0m<= page.waitForFunction succeeded [38;5;45m+69ms[0m
  [38;5;45;1mpw:api [0mtaking page screenshot [38;5;45m+214ms[0m
]]>
</system-err>
</testcase>
<testcase name="New Todo › should append new items to the bottom of the list" classname="demo-todo-app.spec.ts" time="9.31">
<system-out>
<![CDATA[
[[ATTACHMENT|..\output\demo-todo-app-New-Todo-should-append-new-items-to-the-bottom-of-the-list-Automated-Playwright-Tests\test-finished-1.png]]

[[ATTACHMENT|..\output\demo-todo-app-New-Todo-should-append-new-items-to-the-bottom-of-the-list-Automated-Playwright-Tests\trace.zip]]
]]>
</system-out>
<system-err>
<![CDATA[  [38;5;45;1mpw:api [0m=> selectors.setTestIdAttribute started [38;5;45m+0ms[0m
  [38;5;45;1mpw:api [0m=> browserType.launch started [38;5;45m+22ms[0m
  [38;5;45;1mpw:api [0m<= selectors.setTestIdAttribute succeeded [38;5;45m+30ms[0m
  [38;5;45;1mpw:api [0m<= browserType.launch succeeded [38;5;45m+2s[0m
  [38;5;45;1mpw:api [0m=> browser.newContext started [38;5;45m+8ms[0m
  [38;5;45;1mpw:api [0m<= browser.newContext succeeded [38;5;45m+48ms[0m
  [38;5;45;1mpw:api [0m=> tracing.start started [38;5;45m+10ms[0m
  [38;5;45;1mpw:api [0m<= tracing.start succeeded [38;5;45m+8ms[0m
  [38;5;45;1mpw:api [0m=> browserContext.newPage started [38;5;45m+10ms[0m
  [38;5;45;1mpw:api [0m<= browserContext.newPage succeeded [38;5;45m+3s[0m
  [38;5;45;1mpw:api [0m=> page.goto started [38;5;45m+17ms[0m
  [38;5;45;1mpw:api [0mnavigating to "https://demo.playwright.dev/todomvc", waiting until "load" [38;5;45m+62ms[0m
  [38;5;45;1mpw:api [0m  "commit" event fired [38;5;45m+528ms[0m
  [38;5;45;1mpw:api [0m  navigated to "https://demo.playwright.dev/todomvc/" [38;5;45m+1ms[0m
  [38;5;45;1mpw:api [0m  navigated to "https://demo.playwright.dev/todomvc/#/" [38;5;45m+2s[0m
  [38;5;45;1mpw:api [0m  "load" event fired [38;5;45m+156ms[0m
  [38;5;45;1mpw:api [0m  "domcontentloaded" event fired [38;5;45m+2ms[0m
  [38;5;45;1mpw:api [0m<= page.goto succeeded [38;5;45m+73ms[0m
  [38;5;45;1mpw:api [0m=> locator.fill started [38;5;45m+13ms[0m
  [38;5;45;1mpw:api [0m  "networkidle" event fired [38;5;45m+17ms[0m
  [38;5;45;1mpw:api [0mwaiting for getByPlaceholder('What needs to be done?') [38;5;45m+7ms[0m
  [38;5;45;1mpw:api [0m  locator resolved to <input class="new-todo" placeholder="What needs to be d…/> [38;5;45m+140ms[0m
  [38;5;45;1mpw:api [0melementHandle.fill("buy some cheese") [38;5;45m+4ms[0m
  [38;5;45;1mpw:api [0m  waiting for element to be visible, enabled and editable [38;5;45m+15ms[0m
  [38;5;45;1mpw:api [0m  element is visible, enabled and editable [38;5;45m+40ms[0m
  [38;5;45;1mpw:api [0m<= locator.fill succeeded [38;5;45m+86ms[0m
  [38;5;45;1mpw:api [0m=> locator.press started [38;5;45m+2ms[0m
  [38;5;45;1mpw:api [0mwaiting for getByPlaceholder('What needs to be done?') [38;5;45m+9ms[0m
  [38;5;45;1mpw:api [0m  locator resolved to <input class="new-todo" placeholder="What needs to be d…/> [38;5;45m+14ms[0m
  [38;5;45;1mpw:api [0melementHandle.press("Enter") [38;5;45m+8ms[0m
  [38;5;45;1mpw:api [0m<= locator.press succeeded [38;5;45m+290ms[0m
  [38;5;45;1mpw:api [0m=> locator.fill started [38;5;45m+2ms[0m
  [38;5;45;1mpw:api [0mwaiting for getByPlaceholder('What needs to be done?') [38;5;45m+30ms[0m
  [38;5;45;1mpw:api [0m  locator resolved to <input class="new-todo" placeholder="What needs to be d…/> [38;5;45m+18ms[0m
  [38;5;45;1mpw:api [0melementHandle.fill("feed the cat") [38;5;45m+6ms[0m
  [38;5;45;1mpw:api [0m  waiting for element to be visible, enabled and editable [38;5;45m+4ms[0m
  [38;5;45;1mpw:api [0m  element is visible, enabled and editable [38;5;45m+19ms[0m
  [38;5;45;1mpw:api [0m<= locator.fill succeeded [38;5;45m+129ms[0m
  [38;5;45;1mpw:api [0m=> locator.press started [38;5;45m+4ms[0m
  [38;5;45;1mpw:api [0mwaiting for getByPlaceholder('What needs to be done?') [38;5;45m+64ms[0m
  [38;5;45;1mpw:api [0m  locator resolved to <input class="new-todo" placeholder="What needs to be d…/> [38;5;45m+28ms[0m
  [38;5;45;1mpw:api [0melementHandle.press("Enter") [38;5;45m+7ms[0m
  [38;5;45;1mpw:api [0m<= locator.press succeeded [38;5;45m+108ms[0m
  [38;5;45;1mpw:api [0m=> locator.fill started [38;5;45m+3ms[0m
  [38;5;45;1mpw:api [0mwaiting for getByPlaceholder('What needs to be done?') [38;5;45m+11ms[0m
  [38;5;45;1mpw:api [0m  locator resolved to <input class="new-todo" placeholder="What needs to be d…/> [38;5;45m+39ms[0m
  [38;5;45;1mpw:api [0melementHandle.fill("book a doctors appointment") [38;5;45m+6ms[0m
  [38;5;45;1mpw:api [0m  waiting for element to be visible, enabled and editable [38;5;45m+7ms[0m
  [38;5;45;1mpw:api [0m  element is visible, enabled and editable [38;5;45m+15ms[0m
  [38;5;45;1mpw:api [0m<= locator.fill succeeded [38;5;45m+95ms[0m
  [38;5;45;1mpw:api [0m=> locator.press started [38;5;45m+3ms[0m
  [38;5;45;1mpw:api [0mwaiting for getByPlaceholder('What needs to be done?') [38;5;45m+15ms[0m
  [38;5;45;1mpw:api [0m  locator resolved to <input class="new-todo" placeholder="What needs to be d…/> [38;5;45m+9ms[0m
  [38;5;45;1mpw:api [0melementHandle.press("Enter") [38;5;45m+2ms[0m
  [38;5;45;1mpw:api [0m<= locator.press succeeded [38;5;45m+95ms[0m
  [38;5;45;1mpw:api [0m=> expect.toBeVisible started [38;5;45m+20ms[0m
  [38;5;45;1mpw:api [0mexpect.toBeVisible with timeout 10000ms [38;5;45m+71ms[0m
  [38;5;45;1mpw:api [0mwaiting for getByText('3 items left') [38;5;45m+0ms[0m
  [38;5;45;1mpw:api [0m  locator resolved to <span class="todo-count" data-testid="todo-count">…</span> [38;5;45m+22ms[0m
  [38;5;45;1mpw:api [0m<= expect.toBeVisible succeeded [38;5;45m+12ms[0m
  [38;5;45;1mpw:api [0m=> expect.toHaveText started [38;5;45m+10ms[0m
  [38;5;45;1mpw:api [0mexpect.toHaveText with timeout 10000ms [38;5;45m+12ms[0m
  [38;5;45;1mpw:api [0mwaiting for getByTestId('todo-count') [38;5;45m+0ms[0m
  [38;5;45;1mpw:api [0m  locator resolved to <span class="todo-count" data-testid="todo-count">…</span> [38;5;45m+10ms[0m
  [38;5;45;1mpw:api [0m<= expect.toHaveText succeeded [38;5;45m+16ms[0m
  [38;5;45;1mpw:api [0m=> expect.toContainText started [38;5;45m+10ms[0m
  [38;5;45;1mpw:api [0mexpect.toContainText with timeout 10000ms [38;5;45m+13ms[0m
  [38;5;45;1mpw:api [0mwaiting for getByTestId('todo-count') [38;5;45m+1ms[0m
  [38;5;45;1mpw:api [0m  locator resolved to <span class="todo-count" data-testid="todo-count">…</span> [38;5;45m+5ms[0m
  [38;5;45;1mpw:api [0m<= expect.toContainText succeeded [38;5;45m+11ms[0m
  [38;5;45;1mpw:api [0m=> expect.toHaveText started [38;5;45m+7ms[0m
  [38;5;45;1mpw:api [0mexpect.toHaveText with timeout 10000ms [38;5;45m+26ms[0m
  [38;5;45;1mpw:api [0mwaiting for getByTestId('todo-count') [38;5;45m+0ms[0m
  [38;5;45;1mpw:api [0m  locator resolved to <span class="todo-count" data-testid="todo-count">…</span> [38;5;45m+29ms[0m
  [38;5;45;1mpw:api [0m<= expect.toHaveText succeeded [38;5;45m+6ms[0m
  [38;5;45;1mpw:api [0m=> expect.toHaveText started [38;5;45m+9ms[0m
  [38;5;45;1mpw:api [0mexpect.toHaveText with timeout 10000ms [38;5;45m+14ms[0m
  [38;5;45;1mpw:api [0mwaiting for getByTestId('todo-title') [38;5;45m+0ms[0m
  [38;5;45;1mpw:api [0m  locator resolved to 3 elements [38;5;45m+5ms[0m
  [38;5;45;1mpw:api [0m<= expect.toHaveText succeeded [38;5;45m+6ms[0m
  [38;5;45;1mpw:api [0m=> page.waitForFunction started [38;5;45m+6ms[0m
  [38;5;45;1mpw:api [0m<= page.waitForFunction succeeded [38;5;45m+42ms[0m
  [38;5;45;1mpw:api [0mtaking page screenshot [38;5;45m+426ms[0m
]]>
</system-err>
</testcase>
</testsuite>
</testsuites>